[1.048s] DEBUG:colcon:Command line arguments: ['/usr/bin/colcon', 'build']
[1.048s] DEBUG:colcon:Parsed command line arguments: Namespace(ament_cmake_args=None, base_paths=['.'], build_base='build', catkin_cmake_args=None, catkin_skip_building_tests=False, cmake_args=None, cmake_clean_cache=False, cmake_clean_first=False, cmake_force_configure=False, cmake_target=None, cmake_target_skip_unavailable=False, continue_on_error=False, event_handlers=None, executor='parallel', ignore_user_meta=False, install_base='install', log_base=None, log_level=None, main=<bound method BuildVerb.main of <colcon_core.verb.build.BuildVerb object at 0x7f4ef12f05e0>>, merge_install=False, metas=['./colcon.meta'], mixin=None, mixin_files=None, mixin_verb=('build',), packages_above=None, packages_above_and_dependencies=None, packages_above_depth=None, packages_end=None, packages_ignore=None, packages_ignore_regex=None, packages_select=None, packages_select_build_failed=False, packages_select_by_dep=None, packages_select_regex=None, packages_select_test_failures=False, packages_skip=None, packages_skip_build_finished=False, packages_skip_by_dep=None, packages_skip_regex=None, packages_skip_test_passed=False, packages_skip_up_to=None, packages_start=None, packages_up_to=None, packages_up_to_regex=None, parallel_workers=4, paths=None, symlink_install=False, test_result_base=None, verb_extension=<colcon_core.verb.build.BuildVerb object at 0x7f4ef12f05e0>, verb_name='build', verb_parser=<colcon_mixin.mixin.mixin_argument.MixinArgumentDecorator object at 0x7f4ef12f0c40>)
[1.131s] Level 1:colcon.colcon_core.package_discovery:discover_packages(colcon_meta) check parameters
[1.132s] Level 1:colcon.colcon_core.package_discovery:discover_packages(recursive) check parameters
[1.133s] Level 1:colcon.colcon_core.package_discovery:discover_packages(ignore) check parameters
[1.133s] Level 1:colcon.colcon_core.package_discovery:discover_packages(path) check parameters
[1.133s] Level 1:colcon.colcon_core.package_discovery:discover_packages(colcon_meta) discover
[1.134s] Level 1:colcon.colcon_core.package_discovery:discover_packages(recursive) discover
[1.134s] INFO:colcon.colcon_core.package_discovery:Crawling recursively for packages in '/urdf_ex'
[1.136s] Level 1:colcon.colcon_core.package_identification:_identify(.) by extensions ['ignore', 'ignore_ament_install']
[1.136s] Level 1:colcon.colcon_core.package_identification:_identify(.) by extension 'ignore'
[1.137s] Level 1:colcon.colcon_core.package_identification:_identify(.) by extension 'ignore_ament_install'
[1.138s] Level 1:colcon.colcon_core.package_identification:_identify(.) by extensions ['colcon_pkg']
[1.138s] Level 1:colcon.colcon_core.package_identification:_identify(.) by extension 'colcon_pkg'
[1.139s] Level 1:colcon.colcon_core.package_identification:_identify(.) by extensions ['colcon_meta']
[1.139s] Level 1:colcon.colcon_core.package_identification:_identify(.) by extension 'colcon_meta'
[1.140s] Level 1:colcon.colcon_core.package_identification:_identify(.) by extensions ['ros']
[1.140s] Level 1:colcon.colcon_core.package_identification:_identify(.) by extension 'ros'
[1.183s] DEBUG:colcon.colcon_core.package_identification:Package '.' with type 'ros.ament_cmake' and name 'urdf_ex'
[1.183s] Level 1:colcon.colcon_core.package_discovery:discover_packages(recursive) using defaults
[1.183s] Level 1:colcon.colcon_core.package_discovery:discover_packages(ignore) discover
[1.184s] Level 1:colcon.colcon_core.package_discovery:discover_packages(ignore) using defaults
[1.184s] Level 1:colcon.colcon_core.package_discovery:discover_packages(path) discover
[1.185s] Level 1:colcon.colcon_core.package_discovery:discover_packages(path) using defaults
[1.231s] Level 5:colcon.colcon_core.verb:set package 'urdf_ex' build argument 'cmake_args' from command line to 'None'
[1.231s] Level 5:colcon.colcon_core.verb:set package 'urdf_ex' build argument 'cmake_target' from command line to 'None'
[1.232s] Level 5:colcon.colcon_core.verb:set package 'urdf_ex' build argument 'cmake_target_skip_unavailable' from command line to 'False'
[1.232s] Level 5:colcon.colcon_core.verb:set package 'urdf_ex' build argument 'cmake_clean_cache' from command line to 'False'
[1.233s] Level 5:colcon.colcon_core.verb:set package 'urdf_ex' build argument 'cmake_clean_first' from command line to 'False'
[1.233s] Level 5:colcon.colcon_core.verb:set package 'urdf_ex' build argument 'cmake_force_configure' from command line to 'False'
[1.233s] Level 5:colcon.colcon_core.verb:set package 'urdf_ex' build argument 'ament_cmake_args' from command line to 'None'
[1.233s] Level 5:colcon.colcon_core.verb:set package 'urdf_ex' build argument 'catkin_cmake_args' from command line to 'None'
[1.234s] Level 5:colcon.colcon_core.verb:set package 'urdf_ex' build argument 'catkin_skip_building_tests' from command line to 'False'
[1.234s] DEBUG:colcon.colcon_core.verb:Building package 'urdf_ex' with the following arguments: {'ament_cmake_args': None, 'build_base': '/urdf_ex/build/urdf_ex', 'catkin_cmake_args': None, 'catkin_skip_building_tests': False, 'cmake_args': None, 'cmake_clean_cache': False, 'cmake_clean_first': False, 'cmake_force_configure': False, 'cmake_target': None, 'cmake_target_skip_unavailable': False, 'install_base': '/urdf_ex/install/urdf_ex', 'merge_install': False, 'path': '/urdf_ex', 'symlink_install': False, 'test_result_base': None}
[1.237s] INFO:colcon.colcon_core.executor:Executing jobs using 'parallel' executor
[1.244s] DEBUG:colcon.colcon_parallel_executor.executor.parallel:run_until_complete
[1.245s] INFO:colcon.colcon_ros.task.ament_cmake.build:Building ROS package in '/urdf_ex' with build type 'ament_cmake'
[1.245s] INFO:colcon.colcon_cmake.task.cmake.build:Building CMake package in '/urdf_ex'
[1.264s] INFO:colcon.colcon_core.plugin_system:Skipping extension 'colcon_core.shell.bat': Not used on non-Windows systems
[1.264s] INFO:colcon.colcon_core.shell:Skip shell extension 'powershell' for command environment: Not usable outside of PowerShell
[1.265s] DEBUG:colcon.colcon_core.shell:Skip shell extension 'dsv' for command environment
[1.327s] DEBUG:colcon.colcon_core.event_handler.log_command:Invoking command in '/urdf_ex/build/urdf_ex': CMAKE_PREFIX_PATH=${CMAKE_PREFIX_PATH}:/opt/ros/foxy /usr/bin/cmake --build /urdf_ex/build/urdf_ex -- -j4 -l4
[2.860s] DEBUG:colcon.colcon_core.event_handler.log_command:Invoked command in '/urdf_ex/build/urdf_ex' returned '0': CMAKE_PREFIX_PATH=${CMAKE_PREFIX_PATH}:/opt/ros/foxy /usr/bin/cmake --build /urdf_ex/build/urdf_ex -- -j4 -l4
[2.937s] DEBUG:colcon.colcon_core.event_handler.log_command:Invoking command in '/urdf_ex/build/urdf_ex': CMAKE_PREFIX_PATH=${CMAKE_PREFIX_PATH}:/opt/ros/foxy /usr/bin/cmake --install /urdf_ex/build/urdf_ex
[3.042s] Level 1:colcon.colcon_core.environment:create_environment_scripts_only(urdf_ex)
[3.048s] DEBUG:colcon.colcon_core.event_handler.log_command:Invoked command in '/urdf_ex/build/urdf_ex' returned '0': CMAKE_PREFIX_PATH=${CMAKE_PREFIX_PATH}:/opt/ros/foxy /usr/bin/cmake --install /urdf_ex/build/urdf_ex
[3.062s] Level 1:colcon.colcon_core.environment:checking '/urdf_ex/install/urdf_ex' for CMake module files
[3.066s] Level 1:colcon.colcon_core.environment:checking '/urdf_ex/install/urdf_ex' for CMake config files
[3.070s] Level 1:colcon.colcon_core.shell:create_environment_hook('urdf_ex', 'cmake_prefix_path')
[3.074s] INFO:colcon.colcon_core.shell:Creating environment hook '/urdf_ex/install/urdf_ex/share/urdf_ex/hook/cmake_prefix_path.ps1'
[3.078s] INFO:colcon.colcon_core.shell:Creating environment descriptor '/urdf_ex/install/urdf_ex/share/urdf_ex/hook/cmake_prefix_path.dsv'
[3.082s] INFO:colcon.colcon_core.shell:Creating environment hook '/urdf_ex/install/urdf_ex/share/urdf_ex/hook/cmake_prefix_path.sh'
[3.091s] Level 1:colcon.colcon_core.environment:checking '/urdf_ex/install/urdf_ex/lib'
[3.093s] Level 1:colcon.colcon_core.environment:checking '/urdf_ex/install/urdf_ex/bin'
[3.093s] Level 1:colcon.colcon_core.environment:checking '/urdf_ex/install/urdf_ex/lib/pkgconfig/urdf_ex.pc'
[3.097s] Level 1:colcon.colcon_core.environment:checking '/urdf_ex/install/urdf_ex/lib/python3.8/site-packages'
[3.098s] Level 1:colcon.colcon_core.environment:checking '/urdf_ex/install/urdf_ex/bin'
[3.102s] INFO:colcon.colcon_core.shell:Creating package script '/urdf_ex/install/urdf_ex/share/urdf_ex/package.ps1'
[3.106s] INFO:colcon.colcon_core.shell:Creating package descriptor '/urdf_ex/install/urdf_ex/share/urdf_ex/package.dsv'
[3.110s] INFO:colcon.colcon_core.shell:Creating package script '/urdf_ex/install/urdf_ex/share/urdf_ex/package.sh'
[3.113s] INFO:colcon.colcon_core.shell:Creating package script '/urdf_ex/install/urdf_ex/share/urdf_ex/package.bash'
[3.117s] INFO:colcon.colcon_core.shell:Creating package script '/urdf_ex/install/urdf_ex/share/urdf_ex/package.zsh'
[3.122s] Level 1:colcon.colcon_core.environment:create_file_with_runtime_dependencies(/urdf_ex/install/urdf_ex/share/colcon-core/packages/urdf_ex)
[3.174s] Level 1:colcon.colcon_core.environment:create_environment_scripts_only(urdf_ex)
[3.180s] Level 1:colcon.colcon_core.environment:checking '/urdf_ex/install/urdf_ex' for CMake module files
[3.187s] Level 1:colcon.colcon_core.environment:checking '/urdf_ex/install/urdf_ex' for CMake config files
[3.193s] Level 1:colcon.colcon_core.shell:create_environment_hook('urdf_ex', 'cmake_prefix_path')
[3.197s] INFO:colcon.colcon_core.shell:Creating environment hook '/urdf_ex/install/urdf_ex/share/urdf_ex/hook/cmake_prefix_path.ps1'
[3.200s] INFO:colcon.colcon_core.shell:Creating environment descriptor '/urdf_ex/install/urdf_ex/share/urdf_ex/hook/cmake_prefix_path.dsv'
[3.205s] INFO:colcon.colcon_core.shell:Creating environment hook '/urdf_ex/install/urdf_ex/share/urdf_ex/hook/cmake_prefix_path.sh'
[3.211s] Level 1:colcon.colcon_core.environment:checking '/urdf_ex/install/urdf_ex/lib'
[3.212s] Level 1:colcon.colcon_core.environment:checking '/urdf_ex/install/urdf_ex/bin'
[3.213s] Level 1:colcon.colcon_core.environment:checking '/urdf_ex/install/urdf_ex/lib/pkgconfig/urdf_ex.pc'
[3.214s] Level 1:colcon.colcon_core.environment:checking '/urdf_ex/install/urdf_ex/lib/python3.8/site-packages'
[3.215s] Level 1:colcon.colcon_core.environment:checking '/urdf_ex/install/urdf_ex/bin'
[3.219s] INFO:colcon.colcon_core.shell:Creating package script '/urdf_ex/install/urdf_ex/share/urdf_ex/package.ps1'
[3.222s] INFO:colcon.colcon_core.shell:Creating package descriptor '/urdf_ex/install/urdf_ex/share/urdf_ex/package.dsv'
[3.226s] INFO:colcon.colcon_core.shell:Creating package script '/urdf_ex/install/urdf_ex/share/urdf_ex/package.sh'
[3.229s] INFO:colcon.colcon_core.shell:Creating package script '/urdf_ex/install/urdf_ex/share/urdf_ex/package.bash'
[3.233s] INFO:colcon.colcon_core.shell:Creating package script '/urdf_ex/install/urdf_ex/share/urdf_ex/package.zsh'
[3.236s] Level 1:colcon.colcon_core.environment:create_file_with_runtime_dependencies(/urdf_ex/install/urdf_ex/share/colcon-core/packages/urdf_ex)
[3.238s] DEBUG:colcon.colcon_parallel_executor.executor.parallel:closing loop
[3.239s] DEBUG:colcon.colcon_parallel_executor.executor.parallel:loop closed
[3.240s] DEBUG:colcon.colcon_parallel_executor.executor.parallel:run_until_complete finished with '0'
[3.240s] DEBUG:colcon.colcon_core.event_reactor:joining thread
[3.265s] INFO:colcon.colcon_core.plugin_system:Skipping extension 'colcon_notification.desktop_notification.notify_send': Could not find 'notify-send'
[3.266s] INFO:colcon.colcon_core.plugin_system:Skipping extension 'colcon_notification.desktop_notification.terminal_notifier': Not used on non-Darwin systems
[3.267s] INFO:colcon.colcon_core.plugin_system:Skipping extension 'colcon_notification.desktop_notification.win32': Not used on non-Windows systems
[3.269s] INFO:colcon.colcon_notification.desktop_notification:Sending desktop notification using 'notify2'
[3.292s] DEBUG:colcon.colcon_notification.desktop_notification.notify2:Failed to initialize notify2: org.freedesktop.DBus.Error.ServiceUnknown: The name org.freedesktop.Notifications was not provided by any .service files
[3.293s] DEBUG:colcon.colcon_core.event_reactor:joined thread
[3.296s] INFO:colcon.colcon_core.shell:Creating prefix script '/urdf_ex/install/local_setup.ps1'
[3.301s] INFO:colcon.colcon_core.shell:Creating prefix util module '/urdf_ex/install/_local_setup_util_ps1.py'
[3.309s] INFO:colcon.colcon_core.shell:Creating prefix chain script '/urdf_ex/install/setup.ps1'
[3.316s] INFO:colcon.colcon_core.shell:Creating prefix script '/urdf_ex/install/local_setup.sh'
[3.320s] INFO:colcon.colcon_core.shell:Creating prefix util module '/urdf_ex/install/_local_setup_util_sh.py'
[3.323s] INFO:colcon.colcon_core.shell:Creating prefix chain script '/urdf_ex/install/setup.sh'
[3.328s] INFO:colcon.colcon_core.shell:Creating prefix script '/urdf_ex/install/local_setup.bash'
[3.332s] INFO:colcon.colcon_core.shell:Creating prefix chain script '/urdf_ex/install/setup.bash'
[3.338s] INFO:colcon.colcon_core.shell:Creating prefix script '/urdf_ex/install/local_setup.zsh'
[3.341s] INFO:colcon.colcon_core.shell:Creating prefix chain script '/urdf_ex/install/setup.zsh'
