[0.837s] DEBUG:colcon:Command line arguments: ['/usr/bin/colcon', 'build']
[0.838s] DEBUG:colcon:Parsed command line arguments: Namespace(ament_cmake_args=None, base_paths=['.'], build_base='build', catkin_cmake_args=None, catkin_skip_building_tests=False, cmake_args=None, cmake_clean_cache=False, cmake_clean_first=False, cmake_force_configure=False, cmake_target=None, cmake_target_skip_unavailable=False, continue_on_error=False, event_handlers=None, executor='parallel', ignore_user_meta=False, install_base='install', log_base=None, log_level=None, main=<bound method BuildVerb.main of <colcon_core.verb.build.BuildVerb object at 0x7f4eacdd8a60>>, merge_install=False, metas=['./colcon.meta'], mixin=None, mixin_files=None, mixin_verb=('build',), packages_above=None, packages_above_and_dependencies=None, packages_above_depth=None, packages_end=None, packages_ignore=None, packages_ignore_regex=None, packages_select=None, packages_select_build_failed=False, packages_select_by_dep=None, packages_select_regex=None, packages_select_test_failures=False, packages_skip=None, packages_skip_build_finished=False, packages_skip_by_dep=None, packages_skip_regex=None, packages_skip_test_passed=False, packages_skip_up_to=None, packages_start=None, packages_up_to=None, packages_up_to_regex=None, parallel_workers=4, paths=None, symlink_install=False, test_result_base=None, verb_extension=<colcon_core.verb.build.BuildVerb object at 0x7f4eacdd8a60>, verb_name='build', verb_parser=<colcon_mixin.mixin.mixin_argument.MixinArgumentDecorator object at 0x7f4eacd65070>)
[0.917s] Level 1:colcon.colcon_core.package_discovery:discover_packages(colcon_meta) check parameters
[0.920s] Level 1:colcon.colcon_core.package_discovery:discover_packages(recursive) check parameters
[0.921s] Level 1:colcon.colcon_core.package_discovery:discover_packages(ignore) check parameters
[0.921s] Level 1:colcon.colcon_core.package_discovery:discover_packages(path) check parameters
[0.922s] Level 1:colcon.colcon_core.package_discovery:discover_packages(colcon_meta) discover
[0.923s] Level 1:colcon.colcon_core.package_discovery:discover_packages(recursive) discover
[0.925s] INFO:colcon.colcon_core.package_discovery:Crawling recursively for packages in '/urdf_ex'
[0.927s] Level 1:colcon.colcon_core.package_identification:_identify(.) by extensions ['ignore', 'ignore_ament_install']
[0.929s] Level 1:colcon.colcon_core.package_identification:_identify(.) by extension 'ignore'
[0.930s] Level 1:colcon.colcon_core.package_identification:_identify(.) by extension 'ignore_ament_install'
[0.932s] Level 1:colcon.colcon_core.package_identification:_identify(.) by extensions ['colcon_pkg']
[0.932s] Level 1:colcon.colcon_core.package_identification:_identify(.) by extension 'colcon_pkg'
[0.933s] Level 1:colcon.colcon_core.package_identification:_identify(.) by extensions ['colcon_meta']
[0.934s] Level 1:colcon.colcon_core.package_identification:_identify(.) by extension 'colcon_meta'
[0.934s] Level 1:colcon.colcon_core.package_identification:_identify(.) by extensions ['ros']
[0.934s] Level 1:colcon.colcon_core.package_identification:_identify(.) by extension 'ros'
[0.979s] DEBUG:colcon.colcon_core.package_identification:Package '.' with type 'ros.ament_cmake' and name 'urdf_ex'
[0.979s] Level 1:colcon.colcon_core.package_discovery:discover_packages(recursive) using defaults
[0.980s] Level 1:colcon.colcon_core.package_discovery:discover_packages(ignore) discover
[0.980s] Level 1:colcon.colcon_core.package_discovery:discover_packages(ignore) using defaults
[0.980s] Level 1:colcon.colcon_core.package_discovery:discover_packages(path) discover
[0.981s] Level 1:colcon.colcon_core.package_discovery:discover_packages(path) using defaults
[1.025s] Level 5:colcon.colcon_core.verb:set package 'urdf_ex' build argument 'cmake_args' from command line to 'None'
[1.026s] Level 5:colcon.colcon_core.verb:set package 'urdf_ex' build argument 'cmake_target' from command line to 'None'
[1.026s] Level 5:colcon.colcon_core.verb:set package 'urdf_ex' build argument 'cmake_target_skip_unavailable' from command line to 'False'
[1.027s] Level 5:colcon.colcon_core.verb:set package 'urdf_ex' build argument 'cmake_clean_cache' from command line to 'False'
[1.027s] Level 5:colcon.colcon_core.verb:set package 'urdf_ex' build argument 'cmake_clean_first' from command line to 'False'
[1.027s] Level 5:colcon.colcon_core.verb:set package 'urdf_ex' build argument 'cmake_force_configure' from command line to 'False'
[1.028s] Level 5:colcon.colcon_core.verb:set package 'urdf_ex' build argument 'ament_cmake_args' from command line to 'None'
[1.028s] Level 5:colcon.colcon_core.verb:set package 'urdf_ex' build argument 'catkin_cmake_args' from command line to 'None'
[1.028s] Level 5:colcon.colcon_core.verb:set package 'urdf_ex' build argument 'catkin_skip_building_tests' from command line to 'False'
[1.029s] DEBUG:colcon.colcon_core.verb:Building package 'urdf_ex' with the following arguments: {'ament_cmake_args': None, 'build_base': '/urdf_ex/build/urdf_ex', 'catkin_cmake_args': None, 'catkin_skip_building_tests': False, 'cmake_args': None, 'cmake_clean_cache': False, 'cmake_clean_first': False, 'cmake_force_configure': False, 'cmake_target': None, 'cmake_target_skip_unavailable': False, 'install_base': '/urdf_ex/install/urdf_ex', 'merge_install': False, 'path': '/urdf_ex', 'symlink_install': False, 'test_result_base': None}
[1.031s] INFO:colcon.colcon_core.executor:Executing jobs using 'parallel' executor
[1.039s] DEBUG:colcon.colcon_parallel_executor.executor.parallel:run_until_complete
[1.040s] INFO:colcon.colcon_ros.task.ament_cmake.build:Building ROS package in '/urdf_ex' with build type 'ament_cmake'
[1.041s] INFO:colcon.colcon_cmake.task.cmake.build:Building CMake package in '/urdf_ex'
[1.059s] INFO:colcon.colcon_core.plugin_system:Skipping extension 'colcon_core.shell.bat': Not used on non-Windows systems
[1.059s] INFO:colcon.colcon_core.shell:Skip shell extension 'powershell' for command environment: Not usable outside of PowerShell
[1.060s] DEBUG:colcon.colcon_core.shell:Skip shell extension 'dsv' for command environment
[1.113s] DEBUG:colcon.colcon_core.event_handler.log_command:Invoking command in '/urdf_ex/build/urdf_ex': CMAKE_PREFIX_PATH=/opt/ros/foxy /usr/bin/cmake --build /urdf_ex/build/urdf_ex -- -j4 -l4
[1.345s] DEBUG:colcon.colcon_core.event_handler.log_command:Invoked command in '/urdf_ex/build/urdf_ex' returned '0': CMAKE_PREFIX_PATH=/opt/ros/foxy /usr/bin/cmake --build /urdf_ex/build/urdf_ex -- -j4 -l4
[1.424s] DEBUG:colcon.colcon_core.event_handler.log_command:Invoking command in '/urdf_ex/build/urdf_ex': CMAKE_PREFIX_PATH=/opt/ros/foxy /usr/bin/cmake --install /urdf_ex/build/urdf_ex
[1.504s] Level 1:colcon.colcon_core.environment:create_environment_scripts_only(urdf_ex)
[1.508s] DEBUG:colcon.colcon_core.event_handler.log_command:Invoked command in '/urdf_ex/build/urdf_ex' returned '0': CMAKE_PREFIX_PATH=/opt/ros/foxy /usr/bin/cmake --install /urdf_ex/build/urdf_ex
[1.524s] Level 1:colcon.colcon_core.environment:checking '/urdf_ex/install/urdf_ex' for CMake module files
[1.528s] Level 1:colcon.colcon_core.environment:checking '/urdf_ex/install/urdf_ex' for CMake config files
[1.534s] Level 1:colcon.colcon_core.shell:create_environment_hook('urdf_ex', 'cmake_prefix_path')
[1.538s] INFO:colcon.colcon_core.shell:Creating environment hook '/urdf_ex/install/urdf_ex/share/urdf_ex/hook/cmake_prefix_path.ps1'
[1.541s] INFO:colcon.colcon_core.shell:Creating environment descriptor '/urdf_ex/install/urdf_ex/share/urdf_ex/hook/cmake_prefix_path.dsv'
[1.545s] INFO:colcon.colcon_core.shell:Creating environment hook '/urdf_ex/install/urdf_ex/share/urdf_ex/hook/cmake_prefix_path.sh'
[1.552s] Level 1:colcon.colcon_core.environment:checking '/urdf_ex/install/urdf_ex/bin'
[1.552s] Level 1:colcon.colcon_core.environment:checking '/urdf_ex/install/urdf_ex/lib/pkgconfig/urdf_ex.pc'
[1.556s] Level 1:colcon.colcon_core.environment:checking '/urdf_ex/install/urdf_ex/lib/python3.8/site-packages'
[1.558s] Level 1:colcon.colcon_core.environment:checking '/urdf_ex/install/urdf_ex/bin'
[1.562s] INFO:colcon.colcon_core.shell:Creating package script '/urdf_ex/install/urdf_ex/share/urdf_ex/package.ps1'
[1.569s] INFO:colcon.colcon_core.shell:Creating package descriptor '/urdf_ex/install/urdf_ex/share/urdf_ex/package.dsv'
[1.574s] INFO:colcon.colcon_core.shell:Creating package script '/urdf_ex/install/urdf_ex/share/urdf_ex/package.sh'
[1.579s] INFO:colcon.colcon_core.shell:Creating package script '/urdf_ex/install/urdf_ex/share/urdf_ex/package.bash'
[1.586s] INFO:colcon.colcon_core.shell:Creating package script '/urdf_ex/install/urdf_ex/share/urdf_ex/package.zsh'
[1.590s] Level 1:colcon.colcon_core.environment:create_file_with_runtime_dependencies(/urdf_ex/install/urdf_ex/share/colcon-core/packages/urdf_ex)
[1.638s] Level 1:colcon.colcon_core.environment:create_environment_scripts_only(urdf_ex)
[1.643s] Level 1:colcon.colcon_core.environment:checking '/urdf_ex/install/urdf_ex' for CMake module files
[1.648s] Level 1:colcon.colcon_core.environment:checking '/urdf_ex/install/urdf_ex' for CMake config files
[1.651s] Level 1:colcon.colcon_core.shell:create_environment_hook('urdf_ex', 'cmake_prefix_path')
[1.655s] INFO:colcon.colcon_core.shell:Creating environment hook '/urdf_ex/install/urdf_ex/share/urdf_ex/hook/cmake_prefix_path.ps1'
[1.659s] INFO:colcon.colcon_core.shell:Creating environment descriptor '/urdf_ex/install/urdf_ex/share/urdf_ex/hook/cmake_prefix_path.dsv'
[1.663s] INFO:colcon.colcon_core.shell:Creating environment hook '/urdf_ex/install/urdf_ex/share/urdf_ex/hook/cmake_prefix_path.sh'
[1.670s] Level 1:colcon.colcon_core.environment:checking '/urdf_ex/install/urdf_ex/bin'
[1.671s] Level 1:colcon.colcon_core.environment:checking '/urdf_ex/install/urdf_ex/lib/pkgconfig/urdf_ex.pc'
[1.673s] Level 1:colcon.colcon_core.environment:checking '/urdf_ex/install/urdf_ex/lib/python3.8/site-packages'
[1.673s] Level 1:colcon.colcon_core.environment:checking '/urdf_ex/install/urdf_ex/bin'
[1.676s] INFO:colcon.colcon_core.shell:Creating package script '/urdf_ex/install/urdf_ex/share/urdf_ex/package.ps1'
[1.679s] INFO:colcon.colcon_core.shell:Creating package descriptor '/urdf_ex/install/urdf_ex/share/urdf_ex/package.dsv'
[1.686s] INFO:colcon.colcon_core.shell:Creating package script '/urdf_ex/install/urdf_ex/share/urdf_ex/package.sh'
[1.689s] INFO:colcon.colcon_core.shell:Creating package script '/urdf_ex/install/urdf_ex/share/urdf_ex/package.bash'
[1.692s] INFO:colcon.colcon_core.shell:Creating package script '/urdf_ex/install/urdf_ex/share/urdf_ex/package.zsh'
[1.694s] Level 1:colcon.colcon_core.environment:create_file_with_runtime_dependencies(/urdf_ex/install/urdf_ex/share/colcon-core/packages/urdf_ex)
[1.696s] DEBUG:colcon.colcon_parallel_executor.executor.parallel:closing loop
[1.696s] DEBUG:colcon.colcon_parallel_executor.executor.parallel:loop closed
[1.697s] DEBUG:colcon.colcon_parallel_executor.executor.parallel:run_until_complete finished with '0'
[1.697s] DEBUG:colcon.colcon_core.event_reactor:joining thread
[1.730s] INFO:colcon.colcon_core.plugin_system:Skipping extension 'colcon_notification.desktop_notification.notify_send': Could not find 'notify-send'
[1.730s] INFO:colcon.colcon_core.plugin_system:Skipping extension 'colcon_notification.desktop_notification.terminal_notifier': Not used on non-Darwin systems
[1.732s] INFO:colcon.colcon_core.plugin_system:Skipping extension 'colcon_notification.desktop_notification.win32': Not used on non-Windows systems
[1.733s] INFO:colcon.colcon_notification.desktop_notification:Sending desktop notification using 'notify2'
[1.743s] DEBUG:colcon.colcon_notification.desktop_notification.notify2:Failed to initialize notify2: org.freedesktop.DBus.Error.ServiceUnknown: The name org.freedesktop.Notifications was not provided by any .service files
[1.744s] DEBUG:colcon.colcon_core.event_reactor:joined thread
[1.750s] INFO:colcon.colcon_core.shell:Creating prefix script '/urdf_ex/install/local_setup.ps1'
[1.754s] INFO:colcon.colcon_core.shell:Creating prefix util module '/urdf_ex/install/_local_setup_util_ps1.py'
[1.760s] INFO:colcon.colcon_core.shell:Creating prefix chain script '/urdf_ex/install/setup.ps1'
[1.765s] INFO:colcon.colcon_core.shell:Creating prefix script '/urdf_ex/install/local_setup.sh'
[1.770s] INFO:colcon.colcon_core.shell:Creating prefix util module '/urdf_ex/install/_local_setup_util_sh.py'
[1.774s] INFO:colcon.colcon_core.shell:Creating prefix chain script '/urdf_ex/install/setup.sh'
[1.780s] INFO:colcon.colcon_core.shell:Creating prefix script '/urdf_ex/install/local_setup.bash'
[1.783s] INFO:colcon.colcon_core.shell:Creating prefix chain script '/urdf_ex/install/setup.bash'
[1.789s] INFO:colcon.colcon_core.shell:Creating prefix script '/urdf_ex/install/local_setup.zsh'
[1.798s] INFO:colcon.colcon_core.shell:Creating prefix chain script '/urdf_ex/install/setup.zsh'
